// Jest Snapshot v1, https://goo.gl/fbAQLP

exports[`should render ClientListItem 1`] = `
<div
  className="clientListItem"
>
  <Link
    className="clientListItem__name"
    replace={false}
    to="/view/1"
  >
    <p>
      John
       
      Doe
    </p>
  </Link>
  <p>
     
    John@doe.com
  </p>
  <p>
     
    987654321
  </p>
  <p>
     
    M
  </p>
  <p>
     
    FakeOne High Street
  </p>
  <p>
     
    Employed
  </p>
  <p>
     
    Designer
  </p>
  <p>
     
    Gold
  </p>
  <p>
     
    N/A
  </p>
  <a
    className="clientListItem__button--one"
    onClick={[Function]}
  >
    Remove
  </a>
  <Link
    className="clientListItem__button clientListItem__button--two"
    replace={false}
    to="/edit/1"
  >
    Edit
  </Link>
</div>
`;
