// Jest Snapshot v1, https://goo.gl/fbAQLP

exports[`should render Header correclty 1`] = `
<header
  className="header"
>
  <div
    className="header__content"
  >
    <Link
      className="header__logo"
      exact="true"
      replace={false}
      to="/dashboard"
    >
      <h1>
        <span
          className="header__logo--special"
        >
          HR
        </span>
        soft
      </h1>
    </Link>
    <button
      className="header__button"
      onClick={[Function]}
    >
      Logout
    </button>
  </div>
</header>
`;
