// Jest Snapshot v1, https://goo.gl/fbAQLP

exports[`should render LoginPage correctly 1`] = `
<div
  className="landing"
>
  <div
    className="landing__image"
  />
  <div
    className="landing__box"
  >
    <h1>
      HRsoft
    </h1>
    <h3>
      Database system for managing your potential client, now made easy.
    </h3>
    <button
      className="landing__btn"
    >
      <span
        className="landing__btnText"
      >
         Login with Google
      </span>
    </button>
  </div>
</div>
`;
